# serializer version: 1
# name: test_calendar
  list([
    tuple(
      dict({
        'date': '2023-12-19',
      }),
      dict({
        'date': '2023-12-20',
      }),
      'Daily 2023-12-19',
      '''
        - (completed) migrate Dec to supernote
        - set Plans w/ mom
        - (migrated) call Dad re xmas plan
        - gifts info to mom & Sam
        - prod readiness pass
        - (migrated) xmas tree
        - Dot template: darker 5mm
      ''',
    ),
    tuple(
      dict({
        'date': '2023-12-20',
      }),
      dict({
        'date': '2023-12-21',
      }),
      'Daily 2023-12-20',
      '''
        - (migrated) xmas tree
        - text mom for xmas day
        - call Dad: xmas plans
        - (migrated) gifts plan w/ Cathrine
        - recognition vs old notes
        - living room clutter
        - okay of the house activity
        - (migrated) super note box clean up
        - flux-local helm magic
      ''',
    ),
    tuple(
      dict({
        'date': '2023-12-21',
      }),
      dict({
        'date': '2023-12-22',
      }),
      'Daily 2023-12-21',
      '''
        - cardboard breakdown
        - (migrated) Bowling w/ Q
        - (completed) flux-local helm
        - todo urls?
        - (migrated) gifts plan
        - windows xmas lights
        - (migrated) fitbit python
      ''',
    ),
    tuple(
      dict({
        'date': '2023-12-22',
      }),
      dict({
        'date': '2023-12-23',
      }),
      'Daily 2023-12-22',
      '- clean garage',
    ),
  ])
# ---
